SQL> 
SQL> -- Generated by Oracle SQL Developer Data Modeler 22.2.0.165.1149
SQL> --   at:        2022-09-13 19:37:37 SGT
SQL> --   site:      Oracle Database 12c
SQL> --   type:      Oracle Database 12c
SQL> 
SQL> DROP TABLE combo CASCADE CONSTRAINTS;

Table COMBO dropped.

SQL> 
SQL> DROP TABLE customer CASCADE CONSTRAINTS;

Table CUSTOMER dropped.

SQL> 
SQL> DROP TABLE employee CASCADE CONSTRAINTS;

Table EMPLOYEE dropped.

SQL> 
SQL> DROP TABLE job CASCADE CONSTRAINTS;

Table JOB dropped.

SQL> 
SQL> DROP TABLE quote CASCADE CONSTRAINTS;

Table QUOTE dropped.

SQL> 
SQL> DROP TABLE quote_combo CASCADE CONSTRAINTS;

Table QUOTE_COMBO dropped.

SQL> 
SQL> DROP TABLE quote_purpose CASCADE CONSTRAINTS;

Table QUOTE_PURPOSE dropped.

SQL> 
SQL> DROP TABLE trailer CASCADE CONSTRAINTS;

Table TRAILER dropped.

SQL> 
SQL> DROP TABLE trailer_class CASCADE CONSTRAINTS;

Table TRAILER_CLASS dropped.

SQL> 
SQL> DROP TABLE trailer_type CASCADE CONSTRAINTS;

Table TRAILER_TYPE dropped.

SQL> 
SQL> DROP TABLE truck CASCADE CONSTRAINTS;

Table TRUCK dropped.

SQL> 
SQL> DROP TABLE truck_class CASCADE CONSTRAINTS;

Table TRUCK_CLASS dropped.

SQL> 
SQL> DROP TABLE truck_type CASCADE CONSTRAINTS;

Table TRUCK_TYPE dropped.

SQL> 
SQL> -- predefined type, no DDL - MDSYS.SDO_GEOMETRY
SQL> 
SQL> -- predefined type, no DDL - XMLTYPE
SQL> 
SQL> CREATE TABLE combo (
  2      combo_code          VARCHAR2(3) NOT NULL,
  3      quote_purpose_no    NUMBER(4) NOT NULL,
  4      truck_vehicle_id_no CHAR(17) NOT NULL,
  5      trailer_id_code     CHAR(5) NOT NULL
  6  );

Table COMBO created.

SQL> 
SQL> COMMENT ON COLUMN combo.truck_vehicle_id_no IS
  2      'Truck''s Identification Number (VIN)';

Comment created.

SQL> 
SQL> COMMENT ON COLUMN combo.trailer_id_code IS
  2      'Trailer ID code.';

Comment created.

SQL> 
SQL> ALTER TABLE combo ADD CONSTRAINT combo_pk PRIMARY KEY ( combo_code );

Table COMBO altered.

SQL> 
SQL> CREATE TABLE customer (
  2      cust_no        NUMBER(5) NOT NULL,
  3      cust_fname     VARCHAR2(20) NOT NULL,
  4      cust_gname     VARCHAR2(20) NOT NULL,
  5      cust_bname     VARCHAR2(20),
  6      cust_address   VARCHAR2(50) NOT NULL,
  7      cust_contactno VARCHAR2(15) NOT NULL
  8  );

Table CUSTOMER created.

SQL> 
SQL> COMMENT ON COLUMN customer.cust_no IS
  2      'Customer number.';

Comment created.

SQL> 
SQL> COMMENT ON COLUMN customer.cust_fname IS
  2      'Customer family name.';

Comment created.

SQL> 
SQL> COMMENT ON COLUMN customer.cust_gname IS
  2      'Customer given name.';

Comment created.

SQL> 
SQL> COMMENT ON COLUMN customer.cust_bname IS
  2      'Customer business name.';

Comment created.

SQL> 
SQL> COMMENT ON COLUMN customer.cust_address IS
  2      'Customer address.';

Comment created.

SQL> 
SQL> COMMENT ON COLUMN customer.cust_contactno IS
  2      'Customer contact number.';

Comment created.

SQL> 
SQL> ALTER TABLE customer ADD CONSTRAINT customer_pk PRIMARY KEY ( cust_no );

Table CUSTOMER altered.

SQL> 
SQL> CREATE TABLE employee (
  2      emp_no         NUMBER(3) NOT NULL,
  3      emp_fname      VARCHAR2(20) NOT NULL,
  4      emp_gname      VARCHAR2(20) NOT NULL,
  5      emp_contactno  VARCHAR2(15) NOT NULL,
  6      emp_taxfileno  NUMBER(9) NOT NULL,
  7      emp_salary     NUMBER(6, 2) NOT NULL,
  8      emp_role       VARCHAR2(20),
  9      emp_licence_no NUMBER(11),
 10      mgr_no         NUMBER(3),
 11      truck_class_no NUMBER(1)
 12  );

Table EMPLOYEE created.

SQL> 
SQL> COMMENT ON COLUMN employee.emp_no IS
  2      'Employee number.';

Comment created.

SQL> 
SQL> COMMENT ON COLUMN employee.emp_fname IS
  2      'Employee first name.';

Comment created.

SQL> 
SQL> COMMENT ON COLUMN employee.emp_gname IS
  2      'Employee given name.';

Comment created.

SQL> 
SQL> COMMENT ON COLUMN employee.emp_contactno IS
  2      'Employee contact number.';

Comment created.

SQL> 
SQL> COMMENT ON COLUMN employee.emp_taxfileno IS
  2      'Employee tax file number.';

Comment created.

SQL> 
SQL> COMMENT ON COLUMN employee.emp_salary IS
  2      'Employee salaray.';

Comment created.

SQL> 
SQL> COMMENT ON COLUMN employee.emp_role IS
  2      'Employee role.';

Comment created.

SQL> 
SQL> COMMENT ON COLUMN employee.emp_licence_no IS
  2      'Employee licence number (for drivers).';

Comment created.

SQL> 
SQL> COMMENT ON COLUMN employee.mgr_no IS
  2      'Employee number.';

Comment created.

SQL> 
SQL> COMMENT ON COLUMN employee.truck_class_no IS
  2      'Truck class number.';

Comment created.

SQL> 
SQL> ALTER TABLE employee ADD CONSTRAINT employee_pk PRIMARY KEY ( emp_no );

Table EMPLOYEE altered.

SQL> 
SQL> CREATE TABLE job (
  2      job_no                     NUMBER(4) NOT NULL,
  3      job_pickup_datetime        DATE NOT NULL,
  4      job_intended_drop_datetime DATE NOT NULL,
  5      job_actual_drop_datetime   DATE NOT NULL,
  6      job_has_paid               CHAR(1) NOT NULL,
  7      job_cost                   NUMBER(4, 2),
  8      job_paid_date              DATE NOT NULL,
  9      quote_no                   NUMBER(4) NOT NULL,
 10      truck_vehicle_id_no        CHAR(17) NOT NULL,
 11      trailer_id_code            CHAR(5) NOT NULL,
 12      job_clerk_emp_no           NUMBER(3) NOT NULL,
 13      job_driver_emp_no          NUMBER(3) NOT NULL,
 14      job_mechanic_emp_no        NUMBER(3) NOT NULL,
 15      combo_code                 VARCHAR2(3) NOT NULL
 16  );

Table JOB created.

SQL> 
SQL> ALTER TABLE job
  2      ADD CONSTRAINT chk_job_has_paid CHECK ( job_has_paid IN ( 'F', 'T' ) );

Table JOB altered.

SQL> 
SQL> COMMENT ON COLUMN job.job_no IS
  2      'Job number.';

Comment created.

SQL> 
SQL> COMMENT ON COLUMN job.job_pickup_datetime IS
  2      'Job pickup date and time.';

Comment created.

SQL> 
SQL> COMMENT ON COLUMN job.job_intended_drop_datetime IS
  2      'Job intended drop off date and time.';

Comment created.

SQL> 
SQL> COMMENT ON COLUMN job.job_actual_drop_datetime IS
  2      'Job actual drop off date and time.';

Comment created.

SQL> 
SQL> COMMENT ON COLUMN job.job_has_paid IS
  2      'Whether customer has paid for the job: T is yes, F is no.';

Comment created.

SQL> 
SQL> COMMENT ON COLUMN job.job_cost IS
  2      'Job cost (if different from quote cost).';

Comment created.

SQL> 
SQL> COMMENT ON COLUMN job.job_paid_date IS
  2      'Date of job payment.';

Comment created.

SQL> 
SQL> COMMENT ON COLUMN job.quote_no IS
  2      'Quote number.';

Comment created.

SQL> 
SQL> COMMENT ON COLUMN job.truck_vehicle_id_no IS
  2      'Truck''s Identification Number (VIN)';

Comment created.

SQL> 
SQL> COMMENT ON COLUMN job.job_clerk_emp_no IS
  2      'Employee number.';

Comment created.

SQL> 
SQL> COMMENT ON COLUMN job.job_driver_emp_no IS
  2      'Employee number.';

Comment created.

SQL> 
SQL> COMMENT ON COLUMN job.job_mechanic_emp_no IS
  2      'Employee number.';

Comment created.

SQL> 
SQL> CREATE UNIQUE INDEX job__idx ON
  2      job (
  3          quote_no
  4      ASC );

INDEX JOB__IDX created.

SQL> 
SQL> ALTER TABLE job ADD CONSTRAINT job_pk PRIMARY KEY ( job_no );

Table JOB altered.

SQL> 
SQL> CREATE TABLE quote (
  2      quote_no               NUMBER(4) NOT NULL,
  3      quote_book_startdate   DATE NOT NULL,
  4      quote_pickup_location  VARCHAR2(50) NOT NULL,
  5      quote_dropoff_location VARCHAR2(50) NOT NULL,
  6      quote_cost             NUMBER(4, 2) NOT NULL,
  7      quote_prep_date        DATE NOT NULL,
  8      quote_no_of_days       NUMBER(2) NOT NULL,
  9      cust_no                NUMBER(5) NOT NULL,
 10      quote_purpose_no       NUMBER(4) NOT NULL
 11  );

Table QUOTE created.

SQL> 
SQL> COMMENT ON COLUMN quote.quote_no IS
  2      'Quote number.';

Comment created.

SQL> 
SQL> COMMENT ON COLUMN quote.quote_book_startdate IS
  2      'Booking start date on quote.';

Comment created.

SQL> 
SQL> COMMENT ON COLUMN quote.quote_pickup_location IS
  2      'Pickup location on quote.';

Comment created.

SQL> 
SQL> COMMENT ON COLUMN quote.quote_dropoff_location IS
  2      'Drop off location on quote.';

Comment created.

SQL> 
SQL> COMMENT ON COLUMN quote.quote_cost IS
  2      'Quote cost.';

Comment created.

SQL> 
SQL> COMMENT ON COLUMN quote.quote_prep_date IS
  2      'Quote preparation date.';

Comment created.

SQL> 
SQL> COMMENT ON COLUMN quote.quote_no_of_days IS
  2      'Number of days required.';

Comment created.

SQL> 
SQL> COMMENT ON COLUMN quote.cust_no IS
  2      'Customer number.';

Comment created.

SQL> 
SQL> COMMENT ON COLUMN quote.quote_purpose_no IS
  2      'Quote purpose number.';

Comment created.

SQL> 
SQL> ALTER TABLE quote ADD CONSTRAINT quote_pk PRIMARY KEY ( quote_no );

Table QUOTE altered.

SQL> 
SQL> CREATE TABLE quote_combo (
  2      quote_combo_id   NUMBER(4) NOT NULL,
  3      combo_code       VARCHAR2(3) NOT NULL,
  4      quote_purpose_no NUMBER(4) NOT NULL
  5  );

Table QUOTE_COMBO created.

SQL> 
SQL> COMMENT ON COLUMN quote_combo.quote_combo_id IS
  2      'Combo and quote purpose number (surrogate key dervied from combo_code and quote_purpoes_no).';

Comment created.

SQL> 
SQL> COMMENT ON COLUMN quote_combo.quote_purpose_no IS
  2      'Quote purpose number.';

Comment created.

SQL> 
SQL> ALTER TABLE quote_combo ADD CONSTRAINT quote_combo_pk PRIMARY KEY ( quote_combo_id );

Table QUOTE_COMBO altered.

SQL> 
SQL> ALTER TABLE quote_combo ADD CONSTRAINT quote_combo_nk UNIQUE ( combo_code,
  2                                                                 quote_purpose_no );

Table QUOTE_COMBO altered.

SQL> 
SQL> CREATE TABLE quote_purpose (
  2      quote_purpose_no   NUMBER(4) NOT NULL,
  3      quote_purpose_desc VARCHAR2(50) NOT NULL
  4  );

Table QUOTE_PURPOSE created.

SQL> 
SQL> COMMENT ON COLUMN quote_purpose.quote_purpose_no IS
  2      'Quote purpose number.';

Comment created.

SQL> 
SQL> COMMENT ON COLUMN quote_purpose.quote_purpose_desc IS
  2      'Quote purpose description.';

Comment created.

SQL> 
SQL> ALTER TABLE quote_purpose ADD CONSTRAINT quote_purpose_pk PRIMARY KEY ( quote_purpose_no );

Table QUOTE_PURPOSE altered.

SQL> 
SQL> CREATE TABLE trailer (
  2      trailer_id_code           CHAR(5) NOT NULL,
  3      trailer_purchase_date     DATE NOT NULL,
  4      trailer_purchase_cost     NUMBER(6, 2) NOT NULL,
  5      trailer_type_manufacturer VARCHAR2(20) NOT NULL,
  6      trailer_type_model        VARCHAR2(20) NOT NULL,
  7      trailer_type_no           NUMBER(3) NOT NULL
  8  );

Table TRAILER created.

SQL> 
SQL> COMMENT ON COLUMN trailer.trailer_id_code IS
  2      'Trailer ID code.';

Comment created.

SQL> 
SQL> COMMENT ON COLUMN trailer.trailer_purchase_date IS
  2      'Trailer purchase date.';

Comment created.

SQL> 
SQL> COMMENT ON COLUMN trailer.trailer_purchase_cost IS
  2      'Trailer purchase cost.';

Comment created.

SQL> 
SQL> COMMENT ON COLUMN trailer.trailer_type_no IS
  2      'Trailer type number (surrogate key derived from trailer_type_manufacturer and trailer_type_model).';

Comment created.

SQL> 
SQL> ALTER TABLE trailer ADD CONSTRAINT trailer_pk PRIMARY KEY ( trailer_id_code );

Table TRAILER altered.

SQL> 
SQL> CREATE TABLE trailer_class (
  2      trailer_class_no              VARCHAR2(3) NOT NULL,
  3      trailer_class_daily_hire_rate NUMBER(3, 2) NOT NULL
  4  );

Table TRAILER_CLASS created.

SQL> 
SQL> COMMENT ON COLUMN trailer_class.trailer_class_no IS
  2      'Trailer class number.';

Comment created.

SQL> 
SQL> COMMENT ON COLUMN trailer_class.trailer_class_daily_hire_rate IS
  2      'Daily hire rate of trailer class.';

Comment created.

SQL> 
SQL> ALTER TABLE trailer_class ADD CONSTRAINT trailer_class_pk PRIMARY KEY ( trailer_class_no );

Table TRAILER_CLASS altered.

SQL> 
SQL> CREATE TABLE trailer_type (
  2      trailer_type_manufacturer VARCHAR2(20) NOT NULL,
  3      trailer_type_model        VARCHAR2(20) NOT NULL,
  4      trailer_load_capacity     NUMBER(5) NOT NULL,
  5      trailer_length            NUMBER(2, 1) NOT NULL,
  6      trailer_class_no          VARCHAR2(3) NOT NULL,
  7      trailer_type_no           NUMBER(3) NOT NULL,
  8      trailer_width             NUMBER(1, 2) NOT NULL
  9  );

Table TRAILER_TYPE created.

SQL> 
SQL> COMMENT ON COLUMN trailer_type.trailer_type_manufacturer IS
  2      'Trailer type manufacturer.';

Comment created.

SQL> 
SQL> COMMENT ON COLUMN trailer_type.trailer_type_model IS
  2      'Trailer type model.';

Comment created.

SQL> 
SQL> COMMENT ON COLUMN trailer_type.trailer_load_capacity IS
  2      'Trailer type''s load capacity.';

Comment created.

SQL> 
SQL> COMMENT ON COLUMN trailer_type.trailer_length IS
  2      'Trailer length.';

Comment created.

SQL> 
SQL> COMMENT ON COLUMN trailer_type.trailer_class_no IS
  2      'Trailer class number.';

Comment created.

SQL> 
SQL> COMMENT ON COLUMN trailer_type.trailer_type_no IS
  2      'Trailer type number (surrogate key derived from trailer_type_manufacturer and trailer_type_model).';

Comment created.

SQL> 
SQL> COMMENT ON COLUMN trailer_type.trailer_width IS
  2      'Trailer width.';

Comment created.

SQL> 
SQL> ALTER TABLE trailer_type ADD CONSTRAINT trailer_type_pk PRIMARY KEY ( trailer_type_no );

Table TRAILER_TYPE altered.

SQL> 
SQL> ALTER TABLE trailer_type ADD CONSTRAINT trailer_type_nk UNIQUE ( trailer_type_manufacturer,
  2                                                                   trailer_type_model );

Table TRAILER_TYPE altered.

SQL> 
SQL> CREATE TABLE truck (
  2      truck_vehicle_id_no  CHAR(17) NOT NULL,
  3      truck_vehicle_reg_no CHAR(9) NOT NULL,
  4      truck_km_travelled   NUMBER(5) NOT NULL,
  5      truck_km_reading     NUMBER(5),
  6      truck_purchase_date  DATE NOT NULL,
  7      truck_purchase_cost  NUMBER(8, 2) NOT NULL,
  8      truck_type_make      VARCHAR2(20) NOT NULL,
  9      truck_type_model     VARCHAR2(20) NOT NULL,
 10      truck_type_no        NUMBER(3) NOT NULL
 11  );

Table TRUCK created.

SQL> 
SQL> COMMENT ON COLUMN truck.truck_vehicle_id_no IS
  2      'Truck''s Identification Number (VIN)';

Comment created.

SQL> 
SQL> COMMENT ON COLUMN truck.truck_vehicle_reg_no IS
  2      'Truck''s Registration Number';

Comment created.

SQL> 
SQL> COMMENT ON COLUMN truck.truck_km_travelled IS
  2      'Number of kilometers the truck travelled';

Comment created.

SQL> 
SQL> COMMENT ON COLUMN truck.truck_km_reading IS
  2      'Truck''s kilometer reading of the last service ';

Comment created.

SQL> 
SQL> COMMENT ON COLUMN truck.truck_purchase_date IS
  2      'The date the truck was purchased';

Comment created.

SQL> 
SQL> COMMENT ON COLUMN truck.truck_purchase_cost IS
  2      'The purchase cost of the truck';

Comment created.

SQL> 
SQL> COMMENT ON COLUMN truck.truck_type_no IS
  2      'Truck type number (surrogate key derived from truck_type_make and truck_type_model).';

Comment created.

SQL> 
SQL> ALTER TABLE truck ADD CONSTRAINT truck_pk PRIMARY KEY ( truck_vehicle_id_no );

Table TRUCK altered.

SQL> 
SQL> CREATE TABLE truck_class (
  2      truck_class_no               NUMBER(1) NOT NULL,
  3      truck_class_driver_hire_rate NUMBER(3, 2) NOT NULL,
  4      truck_class_daily_hire_rate  NUMBER(3, 2) NOT NULL
  5  );

Table TRUCK_CLASS created.

SQL> 
SQL> COMMENT ON COLUMN truck_class.truck_class_no IS
  2      'Truck class number.';

Comment created.

SQL> 
SQL> COMMENT ON COLUMN truck_class.truck_class_driver_hire_rate IS
  2      'Driver hire rate of truck class.';

Comment created.

SQL> 
SQL> COMMENT ON COLUMN truck_class.truck_class_daily_hire_rate IS
  2      'Daily hire rate of truck class.';

Comment created.

SQL> 
SQL> ALTER TABLE truck_class ADD CONSTRAINT truck_class_pk PRIMARY KEY ( truck_class_no );

Table TRUCK_CLASS altered.

SQL> 
SQL> CREATE TABLE truck_type (
  2      truck_type_make  VARCHAR2(20) NOT NULL,
  3      truck_type_model VARCHAR2(20) NOT NULL,
  4      truck_class_no   NUMBER(1) NOT NULL,
  5      truck_type_no    NUMBER(3) NOT NULL
  6  );

Table TRUCK_TYPE created.

SQL> 
SQL> COMMENT ON COLUMN truck_type.truck_type_make IS
  2      'Make of truck type.';

Comment created.

SQL> 
SQL> COMMENT ON COLUMN truck_type.truck_type_model IS
  2      'Model of truck type.';

Comment created.

SQL> 
SQL> COMMENT ON COLUMN truck_type.truck_class_no IS
  2      'Truck class number.';

Comment created.

SQL> 
SQL> COMMENT ON COLUMN truck_type.truck_type_no IS
  2      'Truck type number (surrogate key derived from truck_type_make and truck_type_model).';

Comment created.

SQL> 
SQL> ALTER TABLE truck_type ADD CONSTRAINT truck_type_pk PRIMARY KEY ( truck_type_no );

Table TRUCK_TYPE altered.

SQL> 
SQL> ALTER TABLE truck_type ADD CONSTRAINT truck_type_nk UNIQUE ( truck_type_make,
  2                                                               truck_type_model );

Table TRUCK_TYPE altered.

SQL> 
SQL> ALTER TABLE quote_combo
  2      ADD CONSTRAINT combo_quote_combo FOREIGN KEY ( combo_code )
  3          REFERENCES combo ( combo_code );

Table QUOTE_COMBO altered.

SQL> 
SQL> ALTER TABLE combo
  2      ADD CONSTRAINT combo_trailer FOREIGN KEY ( trailer_id_code )
  3          REFERENCES trailer ( trailer_id_code );

Table COMBO altered.

SQL> 
SQL> ALTER TABLE combo
  2      ADD CONSTRAINT combo_truck FOREIGN KEY ( truck_vehicle_id_no )
  3          REFERENCES truck ( truck_vehicle_id_no );

Table COMBO altered.

SQL> 
SQL> ALTER TABLE employee
  2      ADD CONSTRAINT employee_manager FOREIGN KEY ( mgr_no )
  3          REFERENCES employee ( emp_no );

Table EMPLOYEE altered.

SQL> 
SQL> ALTER TABLE employee
  2      ADD CONSTRAINT employee_truck_class FOREIGN KEY ( truck_class_no )
  3          REFERENCES truck_class ( truck_class_no );

Table EMPLOYEE altered.

SQL> 
SQL> ALTER TABLE job
  2      ADD CONSTRAINT job_employee_clerk FOREIGN KEY ( job_clerk_emp_no )
  3          REFERENCES employee ( emp_no );

Table JOB altered.

SQL> 
SQL> ALTER TABLE job
  2      ADD CONSTRAINT job_employee_driver FOREIGN KEY ( job_driver_emp_no )
  3          REFERENCES employee ( emp_no );

Table JOB altered.

SQL> 
SQL> ALTER TABLE job
  2      ADD CONSTRAINT job_employee_mechanic FOREIGN KEY ( job_mechanic_emp_no )
  3          REFERENCES employee ( emp_no );

Table JOB altered.

SQL> 
SQL> ALTER TABLE job
  2      ADD CONSTRAINT job_quote FOREIGN KEY ( quote_no )
  3          REFERENCES quote ( quote_no );

Table JOB altered.

SQL> 
SQL> ALTER TABLE quote
  2      ADD CONSTRAINT quote_customer FOREIGN KEY ( cust_no )
  3          REFERENCES customer ( cust_no );

Table QUOTE altered.

SQL> 
SQL> ALTER TABLE combo
  2      ADD CONSTRAINT quote_purpose_combo FOREIGN KEY ( quote_purpose_no )
  3          REFERENCES quote_purpose ( quote_purpose_no );

Table COMBO altered.

SQL> 
SQL> ALTER TABLE quote_combo
  2      ADD CONSTRAINT quote_purpose_quote_combo FOREIGN KEY ( quote_purpose_no )
  3          REFERENCES quote_purpose ( quote_purpose_no );

Table QUOTE_COMBO altered.

SQL> 
SQL> ALTER TABLE quote
  2      ADD CONSTRAINT quote_quote_purpose FOREIGN KEY ( quote_purpose_no )
  3          REFERENCES quote_purpose ( quote_purpose_no );

Table QUOTE altered.

SQL> 
SQL> ALTER TABLE job
  2      ADD CONSTRAINT relation_28 FOREIGN KEY ( combo_code )
  3          REFERENCES combo ( combo_code );

Table JOB altered.

SQL> 
SQL> ALTER TABLE job
  2      ADD CONSTRAINT trailer_job FOREIGN KEY ( trailer_id_code )
  3          REFERENCES trailer ( trailer_id_code );

Table JOB altered.

SQL> 
SQL> ALTER TABLE trailer
  2      ADD CONSTRAINT trailer_trailer_type FOREIGN KEY ( trailer_type_no )
  3          REFERENCES trailer_type ( trailer_type_no );

Table TRAILER altered.

SQL> 
SQL> ALTER TABLE trailer_type
  2      ADD CONSTRAINT trailer_type_trailer_class FOREIGN KEY ( trailer_class_no )
  3          REFERENCES trailer_class ( trailer_class_no );

Table TRAILER_TYPE altered.

SQL> 
SQL> ALTER TABLE job
  2      ADD CONSTRAINT truck_job FOREIGN KEY ( truck_vehicle_id_no )
  3          REFERENCES truck ( truck_vehicle_id_no );

Table JOB altered.

SQL> 
SQL> ALTER TABLE truck
  2      ADD CONSTRAINT truck_truck_type FOREIGN KEY ( truck_type_no )
  3          REFERENCES truck_type ( truck_type_no );

Table TRUCK altered.

SQL> 
SQL> ALTER TABLE truck_type
  2      ADD CONSTRAINT truck_type_truck_class FOREIGN KEY ( truck_class_no )
  3          REFERENCES truck_class ( truck_class_no );

Table TRUCK_TYPE altered.

SQL> 
SQL> 
SQL> 
SQL> -- Oracle SQL Developer Data Modeler Summary Report: 
SQL> -- 
SQL> -- CREATE TABLE                            13
SQL> -- CREATE INDEX                             1
SQL> -- ALTER TABLE                             37
SQL> -- CREATE VIEW                              0
SQL> -- ALTER VIEW                               0
SQL> -- CREATE PACKAGE                           0
SQL> -- CREATE PACKAGE BODY                      0
SQL> -- CREATE PROCEDURE                         0
SQL> -- CREATE FUNCTION                          0
SQL> -- CREATE TRIGGER                           0
SQL> -- ALTER TRIGGER                            0
SQL> -- CREATE COLLECTION TYPE                   0
SQL> -- CREATE STRUCTURED TYPE                   0
SQL> -- CREATE STRUCTURED TYPE BODY              0
SQL> -- CREATE CLUSTER                           0
SQL> -- CREATE CONTEXT                           0
SQL> -- CREATE DATABASE                          0
SQL> -- CREATE DIMENSION                         0
SQL> -- CREATE DIRECTORY                         0
SQL> -- CREATE DISK GROUP                        0
SQL> -- CREATE ROLE                              0
SQL> -- CREATE ROLLBACK SEGMENT                  0
SQL> -- CREATE SEQUENCE                          0
SQL> -- CREATE MATERIALIZED VIEW                 0
SQL> -- CREATE MATERIALIZED VIEW LOG             0
SQL> -- CREATE SYNONYM                           0
SQL> -- CREATE TABLESPACE                        0
SQL> -- CREATE USER                              0
SQL> -- 
SQL> -- DROP TABLESPACE                          0
SQL> -- DROP DATABASE                            0
SQL> -- 
SQL> -- REDACTION POLICY                         0
SQL> -- TSDP POLICY                              0
SQL> -- 
SQL> -- ORDS DROP SCHEMA                         0
SQL> -- ORDS ENABLE SCHEMA                       0
SQL> -- ORDS ENABLE OBJECT                       0
SQL> -- 
SQL> -- ERRORS                                   0
SQL> -- WARNINGS                                 0
SQL> 
SQL> SPOOL OFF
